[sites.google.com/view/bachilleratotecncioinformatica/nuestra-institución04e1.html]
[backblue.gif]
[fade.gif]
[index.html]
[ssl.gstatic.com/atari/images/vision-header.jpg]
[sites.google.com/view/bachilleratotecncioinformatica/nuestra-institución73c7.html]
[apis.google.com/js/clientc932.js]
[sites.google.com/view/bachilleratotecncioinformatica/inicio.html]
[sites.google.com/view/bachilleratotecncioinformatica/docentes.html]
[sites.google.com/view/bachilleratotecncioinformatica/asignaturas.html]
[sites.google.com/view/bachilleratotecncioinformatica/nuestra-institución04e1.html]
[sites.google.com/view/bachilleratotecncioinformatica/nuestra-institución73c7.html]
[sites.google.com/view/bachilleratotecncioinformatica/inicio.html]
[sites.google.com/view/bachilleratotecncioinformatica/docentes.html]
[sites.google.com/view/bachilleratotecncioinformatica/asignaturas.html]
[sites.google.com/view/bachilleratotecncioinformatica/nuestra-institución.html]
[sites.google.com/view/bachilleratotecncioinformatica/nuestra-institución.html]
